<html>
<body>
<pre>
<h1>礦ision Build Log</h1>
<h2>Tool Versions:</h2>
IDE-Version: μVision V5.24.2.0
Copyright (C) 2017 ARM Ltd and ARM Germany GmbH. All rights reserved.
License Information: sdfds fsdfd, fadf, LIC=BUUGK-ZLYIC-W2XLL-0NA7Q-DIAFY-TB5VN
 
Tool Versions:
Toolchain:       MDK-ARM Plus  Version: 5.24.1
Toolchain Path:  C:\Keil_v5\ARM\ARMCC\Bin
C Compiler:      Armcc.exe V5.06 update 5 (build 528)
Assembler:       Armasm.exe V5.06 update 5 (build 528)
Linker/Locator:  ArmLink.exe V5.06 update 5 (build 528)
Library Manager: ArmAr.exe V5.06 update 5 (build 528)
Hex Converter:   FromElf.exe V5.06 update 5 (build 528)
CPU DLL:         SARMCM3.DLL V5.24.1
Dialog DLL:      DCM.DLL V1.16.0.0
Target DLL:      Segger\JL2CM3.dll V2.99.26.0
Dialog DLL:      TCM.DLL V1.32.0.0
 
<h2>Project:</h2>
F:\STM32\工程文件\009ESP8266通信\009ESP8266客户端\esp8266.uvprojx
Project File Date:  01/16/2018

<h2>Output:</h2>
*** Using Compiler 'V5.06 update 5 (build 528)', folder: 'C:\Keil_v5\ARM\ARMCC\Bin'
Build target 'esp'
compiling test.c...
User\Test\test.c(21): warning:  #550-D: variable "ucLed1Status"  was set but never used
  	uint8_t ucLed1Status = 0, ucLed2Status = 0, ucLed3Status = 0, ucBuzzerStatus = 0;//LED灯的状态
User\Test\test.c(21): warning:  #550-D: variable "ucLed2Status"  was set but never used
  	uint8_t ucLed1Status = 0, ucLed2Status = 0, ucLed3Status = 0, ucBuzzerStatus = 0;//LED灯的状态
User\Test\test.c(21): warning:  #550-D: variable "ucLed3Status"  was set but never used
  	uint8_t ucLed1Status = 0, ucLed2Status = 0, ucLed3Status = 0, ucBuzzerStatus = 0;//LED灯的状态
User\Test\test.c(21): warning:  #177-D: variable "ucBuzzerStatus"  was declared but never referenced
  	uint8_t ucLed1Status = 0, ucLed2Status = 0, ucLed3Status = 0, ucBuzzerStatus = 0;//LED灯的状态
User\Test\test.c(25): warning:  #177-D: variable "pCh1"  was declared but never referenced
    char * pCh, * pCh1;
User\Test\test.c: 5 warnings, 0 errors
linking...
Program Size: Code=5388 RO-data=336 RW-data=52 ZI-data=2052  
FromELF: creating hex file...
".\Objects\esp8266.axf" - 0 Error(s), 5 Warning(s).

<h2>Software Packages used:</h2>

Package Vendor: Keil
                http://www.keil.com/pack/Keil.STM32F1xx_DFP.2.1.0.pack
                Keil.STM32F1xx_DFP.2.1.0
                STMicroelectronics STM32F1 Series Device Support, Drivers and Examples

<h2>Collection of Component include folders:</h2>
  .\RTE\_esp
  C:\Keil_v5\ARM\PACK\Keil\STM32F1xx_DFP\2.1.0\Device\Include

<h2>Collection of Component Files used:</h2>
Build Time Elapsed:  00:00:01
</pre>
</body>
</html>
